   Γû▓ Next.js 15.4.11
   - Environments: .env
   - Experiments (use with caution):
     ┬╖ optimizePackageImports

   Creating an optimized production build ...
 Γ£ô Compiled successfully in 10.0s
   Linting and checking validity of types ...
   Collecting page data ...
   Generating static pages (0/11) ...
node.exe : (node:37304) Warning: SECURITY WARNING: The SSL modes 'prefer', 
'require', and 'verify-ca' are treated as aliases for 'verify-full'.
At D:\web-edra\client\node_modules\.bin\next.ps1:24 char:5
+     & "node$exe"  "$basedir/../next/dist/bin/next" $args
+     ~~~~~~~~~~~~~~~~~~~~~~~~~~~~~~~~~~~~~~~~~~~~~~~~~~~~
    + CategoryInfo          : NotSpecified: ((node:37304) Wa... 'verify-full'. 
   :String) [], RemoteException
    + FullyQualifiedErrorId : NativeCommandError
 
In the next major version (pg-connection-string v3.0.0 and pg v9.0.0), these 
modes will adopt standard libpq semantics, which have weaker security 
guarantees.

To prepare for this change:
- If you want the current behavior, explicitly use 'sslmode=verify-full'
- If you want libpq compatibility now, use 
'uselibpqcompat=true&sslmode=require'

See https://www.postgresql.org/docs/current/libpq-ssl.html for libpq SSL mode 
definitions.
(Use `node --trace-warnings ...` to show where the warning was created)
   Generating static pages (2/11) 
   Generating static pages (5/11) 
   Generating static pages (8/11) 
 Γ£ô Generating static pages (11/11)
   Finalizing page optimization ...
   Collecting build traces ...

Route (app)                                 Size  First Load JS
Γöî Γùï /                                    15.8 kB         172 kB
Γö£ Γùï /_not-found                            999 B         103 kB
Γö£ Γùï /about                                2.6 kB         117 kB
Γö£ ╞Æ /admin/[[...segments]]                 396 B         729 kB
Γö£ ╞Æ /api/[...slug]                         135 B         102 kB
Γö£ ╞Æ /api/contact                           135 B         102 kB
Γö£ ╞Æ /blog/[id]                           4.08 kB         118 kB
Γö£ Γùï /blogs                               2.26 kB         116 kB
Γö£ Γùï /contact                             2.59 kB         117 kB
Γö£ ╞Æ /project/[id]                        6.66 kB         163 kB
Γö£ Γùï /projects                            2.69 kB         117 kB
Γö£ Γùï /services                            1.75 kB         116 kB
Γöö Γùï /sitemap.xml                           135 B         102 kB
+ First Load JS shared by all             102 kB
  Γö£ chunks/4bd1b696-cc729d47eba2cee4.js  54.1 kB
  Γö£ chunks/5964-e79a4e4de2181827.js        44 kB
  Γöö other shared chunks (total)          3.34 kB


Γùï  (Static)   prerendered as static content
╞Æ  (Dynamic)  server-rendered on demand

